2.054: [GC [PSYoungGen: 51200K->2816K(59712K)] 51200K->2888K(196288K), 0.0089350 secs] [Times: user=0.02 sys=0.00, real=0.01 secs] 
4.944: [GC [PSYoungGen: 54016K->3663K(59712K)] 54088K->3743K(196288K), 0.0064140 secs] [Times: user=0.01 sys=0.00, real=0.01 secs] 
6.550: [GC [PSYoungGen: 54863K->5608K(59712K)] 54943K->5696K(196288K), 0.0146190 secs] [Times: user=0.03 sys=0.00, real=0.02 secs] 
7.364: [GC [PSYoungGen: 56808K->6020K(59712K)] 56896K->6108K(196288K), 0.0251540 secs] [Times: user=0.05 sys=0.00, real=0.03 secs] 
8.014: [GC [PSYoungGen: 57220K->6484K(59712K)] 57308K->6580K(196288K), 0.0180250 secs] [Times: user=0.03 sys=0.00, real=0.02 secs] 
9.330: [GC [PSYoungGen: 57684K->7704K(109312K)] 57780K->7808K(245888K), 0.0282810 secs] [Times: user=0.07 sys=0.00, real=0.03 secs] 
11.437: [GC [PSYoungGen: 109016K->9074K(110400K)] 109120K->15505K(246976K), 0.0259410 secs] [Times: user=0.05 sys=0.01, real=0.02 secs] 
12.865: [GC [PSYoungGen: 110380K->11784K(120128K)] 116812K->19999K(256704K), 0.0377510 secs] [Times: user=0.11 sys=0.00, real=0.03 secs] 
13.502: [GC [PSYoungGen: 118344K->10776K(117376K)] 126559K->20642K(253952K), 0.0190420 secs] [Times: user=0.04 sys=0.00, real=0.02 secs] 
14.077: [GC [PSYoungGen: 117336K->2880K(120896K)] 127202K->22684K(257472K), 0.0319740 secs] [Times: user=0.08 sys=0.01, real=0.03 secs] 
15.395: [GC [PSYoungGen: 108288K->4917K(110336K)] 128092K->27522K(246912K), 0.0298120 secs] [Times: user=0.06 sys=0.00, real=0.04 secs] 
16.131: [GC [PSYoungGen: 110325K->12880K(118592K)] 132930K->40263K(255168K), 0.0413390 secs] [Times: user=0.10 sys=0.00, real=0.04 secs] 
16.303: [GC [PSYoungGen: 116368K->192K(103680K)] 143751K->40402K(240256K), 0.0460150 secs] [Times: user=0.08 sys=0.02, real=0.05 secs] 
16.521: [GC [PSYoungGen: 103680K->64K(119360K)] 143890K->40402K(255936K), 0.0026830 secs] [Times: user=0.01 sys=0.00, real=0.00 secs] 
16.680: [GC [PSYoungGen: 102528K->96K(119488K)] 142866K->40482K(256064K), 0.0026190 secs] [Times: user=0.01 sys=0.00, real=0.00 secs] 
16.961: [GC [PSYoungGen: 102560K->96K(119040K)] 142946K->40538K(255616K), 0.0031720 secs] [Times: user=0.01 sys=0.00, real=0.01 secs] 
17.153: [GC [PSYoungGen: 102624K->416K(119296K)] 143066K->40906K(255872K), 0.0045280 secs] [Times: user=0.00 sys=0.00, real=0.01 secs] 
17.792: [GC [PSYoungGen: 102944K->2528K(118208K)] 143434K->43407K(254784K), 0.0119740 secs] [Times: user=0.01 sys=0.00, real=0.02 secs] 
18.364: [GC [PSYoungGen: 105888K->2720K(118912K)] 146767K->46056K(255488K), 0.0241580 secs] [Times: user=0.06 sys=0.00, real=0.02 secs] 
18.957: [GC [PSYoungGen: 106080K->2720K(119552K)] 149416K->48699K(256128K), 0.0115400 secs] [Times: user=0.03 sys=0.00, real=0.01 secs] 
19.372: [GC [PSYoungGen: 108960K->1856K(120192K)] 154939K->50466K(256768K), 0.0168590 secs] [Times: user=0.02 sys=0.00, real=0.02 secs] 
19.655: [GC [PSYoungGen: 108096K->1760K(121408K)] 156706K->52166K(257984K), 0.0218730 secs] [Times: user=0.06 sys=0.00, real=0.03 secs] 
19.941: [GC [PSYoungGen: 111008K->1728K(121984K)] 161414K->53842K(258560K), 0.0244610 secs] [Times: user=0.06 sys=0.00, real=0.03 secs] 
20.225: [GC [PSYoungGen: 110976K->1845K(122496K)] 163090K->55648K(259072K), 0.0110270 secs] [Times: user=0.02 sys=0.01, real=0.01 secs] 
20.463: [GC [PSYoungGen: 113461K->1856K(123136K)] 167264K->57450K(259712K), 0.0102070 secs] [Times: user=0.02 sys=0.00, real=0.01 secs] 
20.719: [GC [PSYoungGen: 113472K->1888K(123776K)] 169066K->59334K(260352K), 0.0161440 secs] [Times: user=0.04 sys=0.00, real=0.01 secs] 
20.963: [GC [PSYoungGen: 115936K->1952K(124416K)] 173382K->61222K(260992K), 0.0095180 secs] [Times: user=0.03 sys=0.00, real=0.01 secs] 
21.197: [GC [PSYoungGen: 116000K->2432K(124736K)] 175270K->63602K(261312K), 0.0107990 secs] [Times: user=0.03 sys=0.00, real=0.01 secs] 
22.006: [GC [PSYoungGen: 118720K->4256K(125504K)] 179890K->67802K(262080K), 0.0162410 secs] [Times: user=0.05 sys=0.01, real=0.01 secs] 
22.911: [GC [PSYoungGen: 120544K->3296K(126272K)] 184090K->70991K(262848K), 0.0223100 secs] [Times: user=0.07 sys=0.00, real=0.02 secs] 
24.392: [GC [PSYoungGen: 121504K->4326K(126848K)] 189199K->75235K(263424K), 0.0191820 secs] [Times: user=0.05 sys=0.00, real=0.02 secs] 
28.647: [GC [PSYoungGen: 122534K->5328K(127360K)] 193443K->80456K(263936K), 0.0359280 secs] [Times: user=0.06 sys=0.00, real=0.03 secs] 
29.437: [GC [PSYoungGen: 124176K->5408K(124288K)] 199304K->85568K(260864K), 0.0303260 secs] [Times: user=0.09 sys=0.00, real=0.03 secs] 
30.242: [GC [PSYoungGen: 124256K->4800K(127552K)] 204416K->90364K(264128K), 0.0463590 secs] [Times: user=0.05 sys=0.00, real=0.05 secs] 
30.994: [GC [PSYoungGen: 123328K->5732K(124288K)] 208892K->95879K(260864K), 0.0380870 secs] [Times: user=0.09 sys=0.01, real=0.04 secs] 
32.100: [GC [PSYoungGen: 124260K->6208K(126720K)] 214407K->101999K(263296K), 0.0300280 secs] [Times: user=0.10 sys=0.01, real=0.03 secs] 
32.312: [GC [PSYoungGen: 123776K->1376K(127040K)] 219567K->103315K(263616K), 0.0222390 secs] [Times: user=0.05 sys=0.00, real=0.02 secs] 
33.025: [GC [PSYoungGen: 118944K->2912K(126208K)] 220883K->106171K(262784K), 0.0125980 secs] [Times: user=0.03 sys=0.00, real=0.01 secs] 
41.236: [GC [PSYoungGen: 120544K->6084K(126656K)] 223803K->112159K(263232K), 0.0346860 secs] [Times: user=0.06 sys=0.00, real=0.03 secs] 
76.355: [GC [PSYoungGen: 123716K->9337K(118592K)] 229791K->122968K(255168K), 0.0313090 secs] [Times: user=0.07 sys=0.00, real=0.03 secs] 
94.363: [GC [PSYoungGen: 118585K->3840K(122880K)] 232216K->126403K(259456K), 0.0317250 secs] [Times: user=0.04 sys=0.01, real=0.03 secs] 
97.407: [GC [PSYoungGen: 113088K->1264K(122048K)] 235651K->127378K(258624K), 0.0220080 secs] [Times: user=0.03 sys=0.00, real=0.02 secs] 
100.591: [GC [PSYoungGen: 111088K->1536K(122752K)] 237202K->128770K(259328K), 0.0181320 secs] [Times: user=0.02 sys=0.00, real=0.02 secs] 
100.609: [Full GC [PSYoungGen: 1536K->0K(122752K)] [ParOldGen: 127234K->123712K(209984K)] 128770K->123712K(332736K) [PSPermGen: 64599K->64563K(129216K)], 1.3974470 secs] [Times: user=2.79 sys=0.02, real=1.39 secs] 
105.303: [GC [PSYoungGen: 109824K->1536K(122624K)] 233536K->125248K(332608K), 0.0194700 secs] [Times: user=0.04 sys=0.00, real=0.02 secs] 
108.667: [GC [PSYoungGen: 112512K->3040K(123264K)] 236224K->126752K(333248K), 0.0120610 secs] [Times: user=0.02 sys=0.00, real=0.01 secs] 
112.106: [GC [PSYoungGen: 114016K->4512K(122880K)] 237728K->128224K(332864K), 0.0103550 secs] [Times: user=0.03 sys=0.00, real=0.43 secs] 
115.137: [GC [PSYoungGen: 117024K->5568K(123584K)] 240736K->129280K(333568K), 0.0126680 secs] [Times: user=0.03 sys=0.00, real=0.02 secs] 
118.662: [GC [PSYoungGen: 118080K->6976K(124800K)] 241792K->130688K(334784K), 0.0337260 secs] [Times: user=0.03 sys=0.00, real=0.03 secs] 
121.812: [GC [PSYoungGen: 120832K->7744K(121600K)] 244544K->131456K(331584K), 0.0138870 secs] [Times: user=0.02 sys=0.00, real=0.10 secs] 
125.016: [GC [PSYoungGen: 121600K->8800K(123136K)] 245312K->132512K(333120K), 0.0423330 secs] [Times: user=0.07 sys=0.00, real=0.04 secs] 
129.166: [GC [PSYoungGen: 120096K->9952K(121280K)] 243808K->133664K(331264K), 0.0281840 secs] [Times: user=0.06 sys=0.00, real=0.03 secs] 
133.011: [GC [PSYoungGen: 121248K->11072K(120576K)] 244960K->134784K(330560K), 0.0146010 secs] [Times: user=0.04 sys=0.00, real=0.01 secs] 
151.418: [GC [PSYoungGen: 118016K->11616K(118592K)] 241728K->135328K(328576K), 0.0308080 secs] [Times: user=0.04 sys=0.00, real=0.03 secs] 
243.747: [GC [PSYoungGen: 118560K->1424K(120576K)] 242272K->125136K(330560K), 0.0082000 secs] [Times: user=0.02 sys=0.00, real=0.01 secs] 
395.167: [GC [PSYoungGen: 106064K->2623K(107264K)] 229776K->126335K(317248K), 0.0090020 secs] [Times: user=0.02 sys=0.00, real=0.01 secs] 
397.965: [GC [PSYoungGen: 107263K->3503K(120832K)] 230975K->127215K(330816K), 0.0079280 secs] [Times: user=0.02 sys=0.00, real=0.01 secs] 
400.856: [GC [PSYoungGen: 108719K->4927K(110144K)] 232431K->128639K(320128K), 0.0138520 secs] [Times: user=0.02 sys=0.01, real=0.01 secs] 
403.879: [GC [PSYoungGen: 110143K->6319K(120640K)] 233855K->130031K(330624K), 0.0100770 secs] [Times: user=0.03 sys=0.00, real=0.01 secs] 
406.944: [GC [PSYoungGen: 112751K->7439K(120064K)] 236463K->131463K(330048K), 0.0189770 secs] [Times: user=0.05 sys=0.00, real=0.02 secs] 
410.169: [GC [PSYoungGen: 113871K->8982K(121792K)] 237895K->133055K(331776K), 0.0158670 secs] [Times: user=0.04 sys=0.00, real=0.02 secs] 
412.709: [GC [PSYoungGen: 117270K->10087K(118400K)] 241343K->134191K(328384K), 0.0176600 secs] [Times: user=0.04 sys=0.00, real=0.02 secs] 
415.967: [GC [PSYoungGen: 118375K->11135K(120128K)] 242479K->135271K(330112K), 0.0165680 secs] [Times: user=0.05 sys=0.00, real=0.02 secs] 
419.284: [GC [PSYoungGen: 116671K->12079K(117632K)] 240807K->136303K(327616K), 0.0169360 secs] [Times: user=0.06 sys=0.00, real=0.02 secs] 
422.852: [GC [PSYoungGen: 117615K->13071K(117696K)] 241839K->137335K(327680K), 0.0185030 secs] [Times: user=0.06 sys=0.00, real=0.02 secs] 
425.571: [GC [PSYoungGen: 114255K->13951K(115136K)] 238519K->138263K(325120K), 0.0169810 secs] [Times: user=0.05 sys=0.00, real=0.02 secs] 
429.188: [GC [PSYoungGen: 115135K->15279K(114688K)] 239447K->139607K(324672K), 0.0206530 secs] [Times: user=0.05 sys=0.01, real=0.02 secs] 
438.571: [GC [PSYoungGen: 111087K->15830K(111680K)] 235415K->140167K(321664K), 0.0388630 secs] [Times: user=0.05 sys=0.00, real=0.04 secs] 
572.755: [GC [PSYoungGen: 111638K->2183K(114496K)] 235975K->126631K(324480K), 0.0069800 secs] [Times: user=0.01 sys=0.00, real=0.01 secs] 
739.768: [GC [PSYoungGen: 95047K->2591K(114688K)] 219495K->127295K(324672K), 0.0369140 secs] [Times: user=0.03 sys=0.00, real=0.04 secs] 
761.286: [GC [PSYoungGen: 95455K->1984K(114112K)] 220159K->127620K(324096K), 0.0234170 secs]